[2026-09-30T19:07:19Z] === ENRICH ITERATION 1 START | repo=augmentcode/auggie sha=9cc3ead4 ===
[2026-09-30T19:07:19Z] [iter=1] PHASE START: enrich repo=augmentcode/auggie sha=9cc3ead4 runlog=/home/runner/work/forx/forx/storage/aggregate/lsp/logs/9cc3ead4-enrich-iter-001.log output=/home/runner/work/forx/forx/storage/aggregate/lsp/9cc3ead419db9486ad44e6e4bba30ecd6784ccff.nq.gz
[2026-09-30T19:07:19Z] [iter=1] Step 1: Loading AST into disk-backed store mem_mb=78 MB
[2026-09-30T19:07:24Z] [iter=1] AST store loaded triples=281541 load_secs=4 mem_mb=505 MB
[2026-09-30T19:07:24Z] [iter=1] Step 2: Finding LSP targets mem_mb=505 MB
[2026-09-30T19:07:24Z] [iter=1] LSP targets found call_sites=2533 imports=198 extends=14 implements=0 secs=0
[2026-09-30T19:07:24Z] [iter=1] Step 2.7: Building position index (one-shot, shared across resolvers) mem_mb=505 MB
[2026-09-30T19:07:26Z] [iter=1] Position index built positions=19113 nodes_with_types=24623 secs=1 mem_mb=505 MB
[2026-09-30T19:07:26Z] [iter=1] Step 3: Starting LSP resolution mem_mb=505 MB already_completed_types=[] already_completed_files=0
[2026-09-30T19:07:26Z] [iter=1] Resolving target type target_type=call_site count=2533
[2026-09-30T19:07:51Z] [iter=1] HEARTBEAT target_type=call_site elapsed_min=0.5 files_done=9 resolved=438 errors=143 current=examples/python-sdk/acp_demo.py
[2026-09-30T19:08:26Z] [iter=1] HEARTBEAT target_type=call_site elapsed_min=1.1 files_done=50 resolved=1252 errors=368 current=examples/python-sdk/user_examples/run_all.sh
[2026-09-30T19:08:36Z] [iter=1] Target type resolved target_type=call_site resolved=1421 errors=433 secs=71 mem_mb=505 MB
[2026-09-30T19:08:36Z] [iter=1] Resolving target type target_type=import_statement count=198
[2026-09-30T19:08:44Z] [iter=1] Target type resolved target_type=import_statement resolved=135 errors=0 secs=8 mem_mb=505 MB
[2026-09-30T19:08:44Z] [iter=1] Resolving target type target_type=extends_clause count=14
[2026-09-30T19:08:46Z] [iter=1] Target type resolved target_type=extends_clause resolved=7 errors=0 secs=1 mem_mb=505 MB
[2026-09-30T19:08:53Z] [iter=1] Step 5: Writing final enrichment file triples=22267
[2026-09-30T19:08:53Z] [iter=1] Enrichment file written path=/home/runner/work/forx/forx/storage/aggregate/lsp/9cc3ead419db9486ad44e6e4bba30ecd6784ccff.nq.gz size_kb=424
[2026-09-30T19:08:53Z] [iter=1] PHASE END: enrich elapsed_s=94 elapsed_min=1.6 total_triples=22267
